Component: ARM Compiler 5.06 update 7 (build 960) Tool: armlink [4d3601]

==============================================================================

Section Cross References

    startup_stm32f10x_hd.o(RESET) refers to startup_stm32f10x_hd.o(STACK) for __initial_sp
    startup_stm32f10x_hd.o(RESET) refers to startup_stm32f10x_hd.o(.text) for Reset_Handler
    startup_stm32f10x_hd.o(RESET) refers to stm32f10x_it.o(.text) for NMI_Handler
    startup_stm32f10x_hd.o(.text) refers to system_stm32f10x.o(.text) for SystemInit
    startup_stm32f10x_hd.o(.text) refers to entry.o(.ARM.Collect$$$$00000000) for __main
    system_stm32f10x.o(.text) refers to system_stm32f10x.o(.data) for SystemCoreClock
    stm32f10x_adc.o(.text) refers to stm32f10x_rcc.o(.text) for RCC_APB2PeriphResetCmd
    stm32f10x_bkp.o(.text) refers to stm32f10x_rcc.o(.text) for RCC_BackupResetCmd
    stm32f10x_can.o(.text) refers to stm32f10x_rcc.o(.text) for RCC_APB1PeriphResetCmd
    stm32f10x_cec.o(.text) refers to stm32f10x_rcc.o(.text) for RCC_APB1PeriphResetCmd
    stm32f10x_dac.o(.text) refers to stm32f10x_rcc.o(.text) for RCC_APB1PeriphResetCmd
    stm32f10x_gpio.o(.text) refers to stm32f10x_rcc.o(.text) for RCC_APB2PeriphResetCmd
    stm32f10x_i2c.o(.text) refers to stm32f10x_rcc.o(.text) for RCC_APB1PeriphResetCmd
    stm32f10x_pwr.o(.text) refers to stm32f10x_rcc.o(.text) for RCC_APB1PeriphResetCmd
    stm32f10x_rcc.o(.text) refers to stm32f10x_rcc.o(.data) for APBAHBPrescTable
    stm32f10x_spi.o(.text) refers to stm32f10x_rcc.o(.text) for RCC_APB2PeriphResetCmd
    stm32f10x_tim.o(.text) refers to stm32f10x_rcc.o(.text) for RCC_APB2PeriphResetCmd
    stm32f10x_usart.o(.text) refers to stm32f10x_rcc.o(.text) for RCC_APB2PeriphResetCmd
    stm32f10x_wwdg.o(.text) refers to stm32f10x_rcc.o(.text) for RCC_APB1PeriphResetCmd
    main.o(.text) refers to stm32f10x_rcc.o(.text) for RCC_APB1PeriphClockCmd
    main.o(.text) refers to stm32f10x_gpio.o(.text) for GPIO_PinRemapConfig
    main.o(.text) refers to stm32f10x_tim.o(.text) for TIM_TimeBaseInit
    main.o(.text) refers to dmul.o(.text) for __aeabi_dmul
    main.o(.text) refers to dfixui.o(.text) for __aeabi_d2uiz
    main.o(.text) refers to bsp_usart.o(.text) for USART_Config
    main.o(.text) refers to bsp_adc.o(.text) for ADCx_Init
    main.o(.text) refers to ffltui.o(.text) for __aeabi_ui2f
    main.o(.text) refers to fdiv.o(.text) for __aeabi_fdiv
    main.o(.text) refers to f2d.o(.text) for __aeabi_f2d
    main.o(.text) refers to d2f.o(.text) for __aeabi_d2f
    main.o(.text) refers to cdrcmple.o(.text) for __aeabi_cdrcmple
    main.o(.text) refers to bsp_adc.o(.data) for ADC_ConvertedValue
    main.o(.text) refers to main.o(.data) for ADC_ConvertedValueLocal
    bsp_adc.o(.text) refers to stm32f10x_rcc.o(.text) for RCC_APB2PeriphClockCmd
    bsp_adc.o(.text) refers to stm32f10x_gpio.o(.text) for GPIO_Init
    bsp_adc.o(.text) refers to stm32f10x_dma.o(.text) for DMA_DeInit
    bsp_adc.o(.text) refers to stm32f10x_adc.o(.text) for ADC_Init
    bsp_adc.o(.text) refers to bsp_adc.o(.data) for ADC_ConvertedValue
    bsp_usart.o(.text) refers to misc.o(.text) for NVIC_PriorityGroupConfig
    bsp_usart.o(.text) refers to stm32f10x_rcc.o(.text) for RCC_APB2PeriphClockCmd
    bsp_usart.o(.text) refers to stm32f10x_gpio.o(.text) for GPIO_Init
    bsp_usart.o(.text) refers to stm32f10x_usart.o(.text) for USART_Init
    entry.o(.ARM.Collect$$$$00000000) refers (Special) to entry10a.o(.ARM.Collect$$$$0000000F) for __rt_final_cpp
    entry.o(.ARM.Collect$$$$00000000) refers (Special) to entry11a.o(.ARM.Collect$$$$00000011) for __rt_final_exit
    entry.o(.ARM.Collect$$$$00000000) refers (Special) to entry12b.o(.ARM.Collect$$$$0000000E) for __rt_lib_shutdown_fini
    entry.o(.ARM.Collect$$$$00000000) refers (Special) to entry7b.o(.ARM.Collect$$$$00000008) for _main_clock
    entry.o(.ARM.Collect$$$$00000000) refers (Special) to entry8b.o(.ARM.Collect$$$$0000000A) for _main_cpp_init
    entry.o(.ARM.Collect$$$$00000000) refers (Special) to entry9a.o(.ARM.Collect$$$$0000000B) for _main_init
    entry.o(.ARM.Collect$$$$00000000) refers (Special) to entry5.o(.ARM.Collect$$$$00000004) for _main_scatterload
    entry.o(.ARM.Collect$$$$00000000) refers (Special) to entry2.o(.ARM.Collect$$$$00000001) for _main_stk
    fdiv.o(.text) refers (Special) to iusefp.o(.text) for __I$use$fp
    fdiv.o(.text) refers to fepilogue.o(.text) for _float_round
    dmul.o(.text) refers (Special) to iusefp.o(.text) for __I$use$fp
    dmul.o(.text) refers to depilogue.o(.text) for _double_epilogue
    ffltui.o(.text) refers (Special) to iusefp.o(.text) for __I$use$fp
    ffltui.o(.text) refers to fepilogue.o(.text) for _float_epilogue
    dfixui.o(.text) refers (Special) to iusefp.o(.text) for __I$use$fp
    dfixui.o(.text) refers to llushr.o(.text) for __aeabi_llsr
    f2d.o(.text) refers (Special) to iusefp.o(.text) for __I$use$fp
    cdrcmple.o(.text) refers (Special) to iusefp.o(.text) for __I$use$fp
    d2f.o(.text) refers (Special) to iusefp.o(.text) for __I$use$fp
    d2f.o(.text) refers to fepilogue.o(.text) for _float_round
    entry2.o(.ARM.Collect$$$$00000001) refers to entry2.o(.ARM.Collect$$$$00002712) for __lit__00000000
    entry2.o(.ARM.Collect$$$$00002712) refers to startup_stm32f10x_hd.o(STACK) for __initial_sp
    entry2.o(__vectab_stack_and_reset_area) refers to startup_stm32f10x_hd.o(STACK) for __initial_sp
    entry2.o(__vectab_stack_and_reset_area) refers to entry.o(.ARM.Collect$$$$00000000) for __main
    entry5.o(.ARM.Collect$$$$00000004) refers to init.o(.text) for __scatterload
    entry9a.o(.ARM.Collect$$$$0000000B) refers to main.o(.text) for main
    entry9b.o(.ARM.Collect$$$$0000000C) refers to main.o(.text) for main
    depilogue.o(.text) refers to llshl.o(.text) for __aeabi_llsl
    depilogue.o(.text) refers to llushr.o(.text) for __aeabi_llsr
    init.o(.text) refers to entry5.o(.ARM.Collect$$$$00000004) for __main_after_scatterload


==============================================================================

Removing Unused input sections from the image.

    Removing startup_stm32f10x_hd.o(HEAP), (512 bytes).
    Removing core_cm3.o(.emb_text), (32 bytes).
    Removing stm32f10x_bkp.o(.text), (196 bytes).
    Removing stm32f10x_can.o(.text), (2544 bytes).
    Removing stm32f10x_cec.o(.text), (288 bytes).
    Removing stm32f10x_crc.o(.text), (72 bytes).
    Removing stm32f10x_dac.o(.text), (396 bytes).
    Removing stm32f10x_dbgmcu.o(.text), (48 bytes).
    Removing stm32f10x_exti.o(.text), (284 bytes).
    Removing stm32f10x_flash.o(.text), (1468 bytes).
    Removing stm32f10x_fsmc.o(.text), (1548 bytes).
    Removing stm32f10x_i2c.o(.text), (1028 bytes).
    Removing stm32f10x_iwdg.o(.text), (64 bytes).
    Removing stm32f10x_pwr.o(.text), (204 bytes).
    Removing stm32f10x_rtc.o(.text), (328 bytes).
    Removing stm32f10x_sdio.o(.text), (468 bytes).
    Removing stm32f10x_spi.o(.text), (780 bytes).
    Removing stm32f10x_wwdg.o(.text), (136 bytes).

18 unused section(s) (total 10396 bytes) removed from the image.

==============================================================================

Image Symbol Table

    Local Symbols

    Symbol Name                              Value     Ov Type        Size  Object(Section)

    ../clib/microlib/init/entry.s            0x00000000   Number         0  entry8a.o ABSOLUTE
    ../clib/microlib/init/entry.s            0x00000000   Number         0  entry9a.o ABSOLUTE
    ../clib/microlib/init/entry.s            0x00000000   Number         0  entry8b.o ABSOLUTE
    ../clib/microlib/init/entry.s            0x00000000   Number         0  entry7b.o ABSOLUTE
    ../clib/microlib/init/entry.s            0x00000000   Number         0  entry7a.o ABSOLUTE
    ../clib/microlib/init/entry.s            0x00000000   Number         0  entry5.o ABSOLUTE
    ../clib/microlib/init/entry.s            0x00000000   Number         0  entry12b.o ABSOLUTE
    ../clib/microlib/init/entry.s            0x00000000   Number         0  entry12a.o ABSOLUTE
    ../clib/microlib/init/entry.s            0x00000000   Number         0  entry11a.o ABSOLUTE
    ../clib/microlib/init/entry.s            0x00000000   Number         0  entry10b.o ABSOLUTE
    ../clib/microlib/init/entry.s            0x00000000   Number         0  entry10a.o ABSOLUTE
    ../clib/microlib/init/entry.s            0x00000000   Number         0  entry9b.o ABSOLUTE
    ../clib/microlib/init/entry.s            0x00000000   Number         0  entry2.o ABSOLUTE
    ../clib/microlib/init/entry.s            0x00000000   Number         0  entry11b.o ABSOLUTE
    ../clib/microlib/init/entry.s            0x00000000   Number         0  entry.o ABSOLUTE
    ../clib/microlib/longlong.c              0x00000000   Number         0  llshl.o ABSOLUTE
    ../clib/microlib/longlong.c              0x00000000   Number         0  llushr.o ABSOLUTE
    ../clib/microlib/stubs.s                 0x00000000   Number         0  iusefp.o ABSOLUTE
    ../fplib/microlib/d2f.c                  0x00000000   Number         0  d2f.o ABSOLUTE
    ../fplib/microlib/f2d.c                  0x00000000   Number         0  f2d.o ABSOLUTE
    ../fplib/microlib/fpdiv.c                0x00000000   Number         0  fdiv.o ABSOLUTE
    ../fplib/microlib/fpepilogue.c           0x00000000   Number         0  depilogue.o ABSOLUTE
    ../fplib/microlib/fpepilogue.c           0x00000000   Number         0  fepilogue.o ABSOLUTE
    ../fplib/microlib/fpfix.c                0x00000000   Number         0  dfixui.o ABSOLUTE
    ../fplib/microlib/fpflt.c                0x00000000   Number         0  ffltui.o ABSOLUTE
    ../fplib/microlib/fpmul.c                0x00000000   Number         0  dmul.o ABSOLUTE
    ..\..\Libraries\CMSIS\core_cm3.c         0x00000000   Number         0  core_cm3.o ABSOLUTE
    ..\..\Libraries\CMSIS\startup\startup_stm32f10x_hd.s 0x00000000   Number         0  startup_stm32f10x_hd.o ABSOLUTE
    ..\..\Libraries\CMSIS\system_stm32f10x.c 0x00000000   Number         0  system_stm32f10x.o ABSOLUTE
    ..\..\Libraries\FWlib\src\misc.c         0x00000000   Number         0  misc.o ABSOLUTE
    ..\..\Libraries\FWlib\src\stm32f10x_adc.c 0x00000000   Number         0  stm32f10x_adc.o ABSOLUTE
    ..\..\Libraries\FWlib\src\stm32f10x_bkp.c 0x00000000   Number         0  stm32f10x_bkp.o ABSOLUTE
    ..\..\Libraries\FWlib\src\stm32f10x_can.c 0x00000000   Number         0  stm32f10x_can.o ABSOLUTE
    ..\..\Libraries\FWlib\src\stm32f10x_cec.c 0x00000000   Number         0  stm32f10x_cec.o ABSOLUTE
    ..\..\Libraries\FWlib\src\stm32f10x_crc.c 0x00000000   Number         0  stm32f10x_crc.o ABSOLUTE
    ..\..\Libraries\FWlib\src\stm32f10x_dac.c 0x00000000   Number         0  stm32f10x_dac.o ABSOLUTE
    ..\..\Libraries\FWlib\src\stm32f10x_dbgmcu.c 0x00000000   Number         0  stm32f10x_dbgmcu.o ABSOLUTE
    ..\..\Libraries\FWlib\src\stm32f10x_dma.c 0x00000000   Number         0  stm32f10x_dma.o ABSOLUTE
    ..\..\Libraries\FWlib\src\stm32f10x_exti.c 0x00000000   Number         0  stm32f10x_exti.o ABSOLUTE
    ..\..\Libraries\FWlib\src\stm32f10x_flash.c 0x00000000   Number         0  stm32f10x_flash.o ABSOLUTE
    ..\..\Libraries\FWlib\src\stm32f10x_fsmc.c 0x00000000   Number         0  stm32f10x_fsmc.o ABSOLUTE
    ..\..\Libraries\FWlib\src\stm32f10x_gpio.c 0x00000000   Number         0  stm32f10x_gpio.o ABSOLUTE
    ..\..\Libraries\FWlib\src\stm32f10x_i2c.c 0x00000000   Number         0  stm32f10x_i2c.o ABSOLUTE
    ..\..\Libraries\FWlib\src\stm32f10x_iwdg.c 0x00000000   Number         0  stm32f10x_iwdg.o ABSOLUTE
    ..\..\Libraries\FWlib\src\stm32f10x_pwr.c 0x00000000   Number         0  stm32f10x_pwr.o ABSOLUTE
    ..\..\Libraries\FWlib\src\stm32f10x_rcc.c 0x00000000   Number         0  stm32f10x_rcc.o ABSOLUTE
    ..\..\Libraries\FWlib\src\stm32f10x_rtc.c 0x00000000   Number         0  stm32f10x_rtc.o ABSOLUTE
    ..\..\Libraries\FWlib\src\stm32f10x_sdio.c 0x00000000   Number         0  stm32f10x_sdio.o ABSOLUTE
    ..\..\Libraries\FWlib\src\stm32f10x_spi.c 0x00000000   Number         0  stm32f10x_spi.o ABSOLUTE
    ..\..\Libraries\FWlib\src\stm32f10x_tim.c 0x00000000   Number         0  stm32f10x_tim.o ABSOLUTE
    ..\..\Libraries\FWlib\src\stm32f10x_usart.c 0x00000000   Number         0  stm32f10x_usart.o ABSOLUTE
    ..\..\Libraries\FWlib\src\stm32f10x_wwdg.c 0x00000000   Number         0  stm32f10x_wwdg.o ABSOLUTE
    ..\..\User\adc\bsp_adc.c                 0x00000000   Number         0  bsp_adc.o ABSOLUTE
    ..\..\User\main.c                        0x00000000   Number         0  main.o ABSOLUTE
    ..\..\User\stm32f10x_it.c                0x00000000   Number         0  stm32f10x_it.o ABSOLUTE
    ..\..\User\usart\bsp_usart.c             0x00000000   Number         0  bsp_usart.o ABSOLUTE
    ..\\..\\Libraries\\CMSIS\\core_cm3.c     0x00000000   Number         0  core_cm3.o ABSOLUTE
    cdrcmple.s                               0x00000000   Number         0  cdrcmple.o ABSOLUTE
    dc.s                                     0x00000000   Number         0  dc.o ABSOLUTE
    handlers.s                               0x00000000   Number         0  handlers.o ABSOLUTE
    init.s                                   0x00000000   Number         0  init.o ABSOLUTE
    RESET                                    0x08000000   Section      304  startup_stm32f10x_hd.o(RESET)
    .ARM.Collect$$$$00000000                 0x08000130   Section        0  entry.o(.ARM.Collect$$$$00000000)
    .ARM.Collect$$$$00000001                 0x08000130   Section        4  entry2.o(.ARM.Collect$$$$00000001)
    .ARM.Collect$$$$00000004                 0x08000134   Section        4  entry5.o(.ARM.Collect$$$$00000004)
    .ARM.Collect$$$$00000008                 0x08000138   Section        0  entry7b.o(.ARM.Collect$$$$00000008)
    .ARM.Collect$$$$0000000A                 0x08000138   Section        0  entry8b.o(.ARM.Collect$$$$0000000A)
    .ARM.Collect$$$$0000000B                 0x08000138   Section        8  entry9a.o(.ARM.Collect$$$$0000000B)
    .ARM.Collect$$$$0000000E                 0x08000140   Section        4  entry12b.o(.ARM.Collect$$$$0000000E)
    .ARM.Collect$$$$0000000F                 0x08000144   Section        0  entry10a.o(.ARM.Collect$$$$0000000F)
    .ARM.Collect$$$$00000011                 0x08000144   Section        0  entry11a.o(.ARM.Collect$$$$00000011)
    .ARM.Collect$$$$00002712                 0x08000144   Section        4  entry2.o(.ARM.Collect$$$$00002712)
    __lit__00000000                          0x08000144   Data           4  entry2.o(.ARM.Collect$$$$00002712)
    .text                                    0x08000148   Section       36  startup_stm32f10x_hd.o(.text)
    .text                                    0x0800016c   Section        0  system_stm32f10x.o(.text)
    SetSysClockTo72                          0x0800016d   Thumb Code   214  system_stm32f10x.o(.text)
    SetSysClock                              0x08000243   Thumb Code     8  system_stm32f10x.o(.text)
    .text                                    0x0800034c   Section        0  misc.o(.text)
    .text                                    0x08000428   Section        0  stm32f10x_adc.o(.text)
    .text                                    0x08000878   Section        0  stm32f10x_dma.o(.text)
    .text                                    0x08000acc   Section        0  stm32f10x_gpio.o(.text)
    .text                                    0x08000e28   Section        0  stm32f10x_rcc.o(.text)
    .text                                    0x080011cc   Section        0  stm32f10x_tim.o(.text)
    TI4_Config                               0x08001673   Thumb Code   130  stm32f10x_tim.o(.text)
    TI3_Config                               0x08001707   Thumb Code   122  stm32f10x_tim.o(.text)
    TI2_Config                               0x0800179b   Thumb Code   130  stm32f10x_tim.o(.text)
    TI1_Config                               0x0800182f   Thumb Code   108  stm32f10x_tim.o(.text)
    .text                                    0x08001fe8   Section        0  stm32f10x_usart.o(.text)
    .text                                    0x080023f0   Section        0  main.o(.text)
    .text                                    0x08002590   Section        0  stm32f10x_it.o(.text)
    .text                                    0x080025ac   Section        0  bsp_adc.o(.text)
    ADCx_GPIO_Config                         0x080025ad   Thumb Code    32  bsp_adc.o(.text)
    ADCx_Mode_Config                         0x080025cd   Thumb Code   226  bsp_adc.o(.text)
    .text                                    0x080026cc   Section        0  bsp_usart.o(.text)
    NVIC_Configuration                       0x080026cd   Thumb Code    38  bsp_usart.o(.text)
    .text                                    0x08002870   Section        0  fdiv.o(.text)
    .text                                    0x080028ec   Section        0  dmul.o(.text)
    .text                                    0x080029d0   Section        0  ffltui.o(.text)
    .text                                    0x080029da   Section        0  dfixui.o(.text)
    .text                                    0x08002a0c   Section        0  f2d.o(.text)
    .text                                    0x08002a34   Section       48  cdrcmple.o(.text)
    .text                                    0x08002a64   Section        0  d2f.o(.text)
    .text                                    0x08002a9c   Section        0  llushr.o(.text)
    .text                                    0x08002abc   Section        0  iusefp.o(.text)
    .text                                    0x08002abc   Section        0  fepilogue.o(.text)
    .text                                    0x08002b2a   Section        0  depilogue.o(.text)
    .text                                    0x08002be4   Section       36  init.o(.text)
    .text                                    0x08002c08   Section        0  llshl.o(.text)
    i.__scatterload_copy                     0x08002c26   Section       14  handlers.o(i.__scatterload_copy)
    i.__scatterload_null                     0x08002c34   Section        2  handlers.o(i.__scatterload_null)
    i.__scatterload_zeroinit                 0x08002c36   Section       14  handlers.o(i.__scatterload_zeroinit)
    .data                                    0x20000000   Section       20  system_stm32f10x.o(.data)
    .data                                    0x20000014   Section       20  stm32f10x_rcc.o(.data)
    APBAHBPrescTable                         0x20000014   Data          16  stm32f10x_rcc.o(.data)
    ADCPrescTable                            0x20000024   Data           4  stm32f10x_rcc.o(.data)
    .data                                    0x20000028   Section        4  main.o(.data)
    .data                                    0x2000002c   Section        2  bsp_adc.o(.data)
    STACK                                    0x20000030   Section     1024  startup_stm32f10x_hd.o(STACK)

    Global Symbols

    Symbol Name                              Value     Ov Type        Size  Object(Section)

    BuildAttributes$$THM_ISAv4$P$D$K$B$S$PE$A:L22UL41UL21$X:L11$S22US41US21$IEEE1$IW$USESV6$~STKCKD$USESV7$~SHL$OTIME$ROPI$EBA8$MICROLIB$REQ8$PRES8$EABIv2 0x00000000   Number         0  anon$$obj.o ABSOLUTE
    __ARM_use_no_argv                        0x00000000   Number         0  main.o ABSOLUTE
    __arm_fini_                               - Undefined Weak Reference
    __cpp_initialize__aeabi_                  - Undefined Weak Reference
    __cxa_finalize                            - Undefined Weak Reference
    __decompress                              - Undefined Weak Reference
    _clock_init                               - Undefined Weak Reference
    _microlib_exit                            - Undefined Weak Reference
    __Vectors_Size                           0x00000130   Number         0  startup_stm32f10x_hd.o ABSOLUTE
    __Vectors                                0x08000000   Data           4  startup_stm32f10x_hd.o(RESET)
    __Vectors_End                            0x08000130   Data           0  startup_stm32f10x_hd.o(RESET)
    __main                                   0x08000131   Thumb Code     0  entry.o(.ARM.Collect$$$$00000000)
    _main_stk                                0x08000131   Thumb Code     0  entry2.o(.ARM.Collect$$$$00000001)
    _main_scatterload                        0x08000135   Thumb Code     0  entry5.o(.ARM.Collect$$$$00000004)
    __main_after_scatterload                 0x08000139   Thumb Code     0  entry5.o(.ARM.Collect$$$$00000004)
    _main_clock                              0x08000139   Thumb Code     0  entry7b.o(.ARM.Collect$$$$00000008)
    _main_cpp_init                           0x08000139   Thumb Code     0  entry8b.o(.ARM.Collect$$$$0000000A)
    _main_init                               0x08000139   Thumb Code     0  entry9a.o(.ARM.Collect$$$$0000000B)
    __rt_lib_shutdown_fini                   0x08000141   Thumb Code     0  entry12b.o(.ARM.Collect$$$$0000000E)
    __rt_final_cpp                           0x08000145   Thumb Code     0  entry10a.o(.ARM.Collect$$$$0000000F)
    __rt_final_exit                          0x08000145   Thumb Code     0  entry11a.o(.ARM.Collect$$$$00000011)
    Reset_Handler                            0x08000149   Thumb Code     8  startup_stm32f10x_hd.o(.text)
    ADC1_2_IRQHandler                        0x08000163   Thumb Code     0  startup_stm32f10x_hd.o(.text)
    ADC3_IRQHandler                          0x08000163   Thumb Code     0  startup_stm32f10x_hd.o(.text)
    CAN1_RX1_IRQHandler                      0x08000163   Thumb Code     0  startup_stm32f10x_hd.o(.text)
    CAN1_SCE_IRQHandler                      0x08000163   Thumb Code     0  startup_stm32f10x_hd.o(.text)
    DMA1_Channel1_IRQHandler                 0x08000163   Thumb Code     0  startup_stm32f10x_hd.o(.text)
    DMA1_Channel2_IRQHandler                 0x08000163   Thumb Code     0  startup_stm32f10x_hd.o(.text)
    DMA1_Channel3_IRQHandler                 0x08000163   Thumb Code     0  startup_stm32f10x_hd.o(.text)
    DMA1_Channel4_IRQHandler                 0x08000163   Thumb Code     0  startup_stm32f10x_hd.o(.text)
    DMA1_Channel5_IRQHandler                 0x08000163   Thumb Code     0  startup_stm32f10x_hd.o(.text)
    DMA1_Channel6_IRQHandler                 0x08000163   Thumb Code     0  startup_stm32f10x_hd.o(.text)
    DMA1_Channel7_IRQHandler                 0x08000163   Thumb Code     0  startup_stm32f10x_hd.o(.text)
    DMA2_Channel1_IRQHandler                 0x08000163   Thumb Code     0  startup_stm32f10x_hd.o(.text)
    DMA2_Channel2_IRQHandler                 0x08000163   Thumb Code     0  startup_stm32f10x_hd.o(.text)
    DMA2_Channel3_IRQHandler                 0x08000163   Thumb Code     0  startup_stm32f10x_hd.o(.text)
    DMA2_Channel4_5_IRQHandler               0x08000163   Thumb Code     0  startup_stm32f10x_hd.o(.text)
    EXTI0_IRQHandler                         0x08000163   Thumb Code     0  startup_stm32f10x_hd.o(.text)
    EXTI15_10_IRQHandler                     0x08000163   Thumb Code     0  startup_stm32f10x_hd.o(.text)
    EXTI1_IRQHandler                         0x08000163   Thumb Code     0  startup_stm32f10x_hd.o(.text)
    EXTI2_IRQHandler                         0x08000163   Thumb Code     0  startup_stm32f10x_hd.o(.text)
    EXTI3_IRQHandler                         0x08000163   Thumb Code     0  startup_stm32f10x_hd.o(.text)
    EXTI4_IRQHandler                         0x08000163   Thumb Code     0  startup_stm32f10x_hd.o(.text)
    EXTI9_5_IRQHandler                       0x08000163   Thumb Code     0  startup_stm32f10x_hd.o(.text)
    FLASH_IRQHandler                         0x08000163   Thumb Code     0  startup_stm32f10x_hd.o(.text)
    FSMC_IRQHandler                          0x08000163   Thumb Code     0  startup_stm32f10x_hd.o(.text)
    I2C1_ER_IRQHandler                       0x08000163   Thumb Code     0  startup_stm32f10x_hd.o(.text)
    I2C1_EV_IRQHandler                       0x08000163   Thumb Code     0  startup_stm32f10x_hd.o(.text)
    I2C2_ER_IRQHandler                       0x08000163   Thumb Code     0  startup_stm32f10x_hd.o(.text)
    I2C2_EV_IRQHandler                       0x08000163   Thumb Code     0  startup_stm32f10x_hd.o(.text)
    PVD_IRQHandler                           0x08000163   Thumb Code     0  startup_stm32f10x_hd.o(.text)
    RCC_IRQHandler                           0x08000163   Thumb Code     0  startup_stm32f10x_hd.o(.text)
    RTCAlarm_IRQHandler                      0x08000163   Thumb Code     0  startup_stm32f10x_hd.o(.text)
    RTC_IRQHandler                           0x08000163   Thumb Code     0  startup_stm32f10x_hd.o(.text)
    SDIO_IRQHandler                          0x08000163   Thumb Code     0  startup_stm32f10x_hd.o(.text)
    SPI1_IRQHandler                          0x08000163   Thumb Code     0  startup_stm32f10x_hd.o(.text)
    SPI2_IRQHandler                          0x08000163   Thumb Code     0  startup_stm32f10x_hd.o(.text)
    SPI3_IRQHandler                          0x08000163   Thumb Code     0  startup_stm32f10x_hd.o(.text)
    TAMPER_IRQHandler                        0x08000163   Thumb Code     0  startup_stm32f10x_hd.o(.text)
    TIM1_BRK_IRQHandler                      0x08000163   Thumb Code     0  startup_stm32f10x_hd.o(.text)
    TIM1_CC_IRQHandler                       0x08000163   Thumb Code     0  startup_stm32f10x_hd.o(.text)
    TIM1_TRG_COM_IRQHandler                  0x08000163   Thumb Code     0  startup_stm32f10x_hd.o(.text)
    TIM1_UP_IRQHandler                       0x08000163   Thumb Code     0  startup_stm32f10x_hd.o(.text)
    TIM2_IRQHandler                          0x08000163   Thumb Code     0  startup_stm32f10x_hd.o(.text)
    TIM3_IRQHandler                          0x08000163   Thumb Code     0  startup_stm32f10x_hd.o(.text)
    TIM4_IRQHandler                          0x08000163   Thumb Code     0  startup_stm32f10x_hd.o(.text)
    TIM5_IRQHandler                          0x08000163   Thumb Code     0  startup_stm32f10x_hd.o(.text)
    TIM6_IRQHandler                          0x08000163   Thumb Code     0  startup_stm32f10x_hd.o(.text)
    TIM7_IRQHandler                          0x08000163   Thumb Code     0  startup_stm32f10x_hd.o(.text)
    TIM8_BRK_IRQHandler                      0x08000163   Thumb Code     0  startup_stm32f10x_hd.o(.text)
    TIM8_CC_IRQHandler                       0x08000163   Thumb Code     0  startup_stm32f10x_hd.o(.text)
    TIM8_TRG_COM_IRQHandler                  0x08000163   Thumb Code     0  startup_stm32f10x_hd.o(.text)
    TIM8_UP_IRQHandler                       0x08000163   Thumb Code     0  startup_stm32f10x_hd.o(.text)
    UART4_IRQHandler                         0x08000163   Thumb Code     0  startup_stm32f10x_hd.o(.text)
    UART5_IRQHandler                         0x08000163   Thumb Code     0  startup_stm32f10x_hd.o(.text)
    USART1_IRQHandler                        0x08000163   Thumb Code     0  startup_stm32f10x_hd.o(.text)
    USART2_IRQHandler                        0x08000163   Thumb Code     0  startup_stm32f10x_hd.o(.text)
    USART3_IRQHandler                        0x08000163   Thumb Code     0  startup_stm32f10x_hd.o(.text)
    USBWakeUp_IRQHandler                     0x08000163   Thumb Code     0  startup_stm32f10x_hd.o(.text)
    USB_HP_CAN1_TX_IRQHandler                0x08000163   Thumb Code     0  startup_stm32f10x_hd.o(.text)
    USB_LP_CAN1_RX0_IRQHandler               0x08000163   Thumb Code     0  startup_stm32f10x_hd.o(.text)
    WWDG_IRQHandler                          0x08000163   Thumb Code     0  startup_stm32f10x_hd.o(.text)
    SystemInit                               0x0800024b   Thumb Code    78  system_stm32f10x.o(.text)
    SystemCoreClockUpdate                    0x08000299   Thumb Code   142  system_stm32f10x.o(.text)
    NVIC_PriorityGroupConfig                 0x0800034d   Thumb Code    10  misc.o(.text)
    NVIC_Init                                0x08000357   Thumb Code   100  misc.o(.text)
    NVIC_SetVectorTable                      0x080003bb   Thumb Code    14  misc.o(.text)
    NVIC_SystemLPConfig                      0x080003c9   Thumb Code    34  misc.o(.text)
    SysTick_CLKSourceConfig                  0x080003eb   Thumb Code    40  misc.o(.text)
    ADC_DeInit                               0x08000429   Thumb Code    78  stm32f10x_adc.o(.text)
    ADC_Init                                 0x08000477   Thumb Code    70  stm32f10x_adc.o(.text)
    ADC_StructInit                           0x080004bd   Thumb Code    18  stm32f10x_adc.o(.text)
    ADC_Cmd                                  0x080004cf   Thumb Code    22  stm32f10x_adc.o(.text)
    ADC_DMACmd                               0x080004e5   Thumb Code    22  stm32f10x_adc.o(.text)
    ADC_ITConfig                             0x080004fb   Thumb Code    24  stm32f10x_adc.o(.text)
    ADC_ResetCalibration                     0x08000513   Thumb Code    10  stm32f10x_adc.o(.text)
    ADC_GetResetCalibrationStatus            0x0800051d   Thumb Code    20  stm32f10x_adc.o(.text)
    ADC_StartCalibration                     0x08000531   Thumb Code    10  stm32f10x_adc.o(.text)
    ADC_GetCalibrationStatus                 0x0800053b   Thumb Code    20  stm32f10x_adc.o(.text)
    ADC_SoftwareStartConvCmd                 0x0800054f   Thumb Code    22  stm32f10x_adc.o(.text)
    ADC_GetSoftwareStartConvStatus           0x08000565   Thumb Code    20  stm32f10x_adc.o(.text)
    ADC_DiscModeChannelCountConfig           0x08000579   Thumb Code    24  stm32f10x_adc.o(.text)
    ADC_DiscModeCmd                          0x08000591   Thumb Code    22  stm32f10x_adc.o(.text)
    ADC_RegularChannelConfig                 0x080005a7   Thumb Code   184  stm32f10x_adc.o(.text)
    ADC_ExternalTrigConvCmd                  0x0800065f   Thumb Code    22  stm32f10x_adc.o(.text)
    ADC_GetConversionValue                   0x08000675   Thumb Code     8  stm32f10x_adc.o(.text)
    ADC_GetDualModeConversionValue           0x0800067d   Thumb Code     8  stm32f10x_adc.o(.text)
    ADC_AutoInjectedConvCmd                  0x08000685   Thumb Code    22  stm32f10x_adc.o(.text)
    ADC_InjectedDiscModeCmd                  0x0800069b   Thumb Code    22  stm32f10x_adc.o(.text)
    ADC_ExternalTrigInjectedConvConfig       0x080006b1   Thumb Code    16  stm32f10x_adc.o(.text)
    ADC_ExternalTrigInjectedConvCmd          0x080006c1   Thumb Code    22  stm32f10x_adc.o(.text)
    ADC_SoftwareStartInjectedConvCmd         0x080006d7   Thumb Code    22  stm32f10x_adc.o(.text)
    ADC_GetSoftwareStartInjectedConvCmdStatus 0x080006ed   Thumb Code    20  stm32f10x_adc.o(.text)
    ADC_InjectedChannelConfig                0x08000701   Thumb Code   130  stm32f10x_adc.o(.text)
    ADC_InjectedSequencerLengthConfig        0x08000783   Thumb Code    24  stm32f10x_adc.o(.text)
    ADC_SetInjectedOffset                    0x0800079b   Thumb Code    20  stm32f10x_adc.o(.text)
    ADC_GetInjectedConversionValue           0x080007af   Thumb Code    28  stm32f10x_adc.o(.text)
    ADC_AnalogWatchdogCmd                    0x080007cb   Thumb Code    16  stm32f10x_adc.o(.text)
    ADC_AnalogWatchdogThresholdsConfig       0x080007db   Thumb Code     6  stm32f10x_adc.o(.text)
    ADC_AnalogWatchdogSingleChannelConfig    0x080007e1   Thumb Code    16  stm32f10x_adc.o(.text)
    ADC_TempSensorVrefintCmd                 0x080007f1   Thumb Code    64  stm32f10x_adc.o(.text)
    ADC_GetFlagStatus                        0x08000831   Thumb Code    18  stm32f10x_adc.o(.text)
    ADC_ClearFlag                            0x08000843   Thumb Code     6  stm32f10x_adc.o(.text)
    ADC_GetITStatus                          0x08000849   Thumb Code    36  stm32f10x_adc.o(.text)
    ADC_ClearITPendingBit                    0x0800086d   Thumb Code    10  stm32f10x_adc.o(.text)
    DMA_DeInit                               0x08000879   Thumb Code   324  stm32f10x_dma.o(.text)
    DMA_Init                                 0x080009bd   Thumb Code    60  stm32f10x_dma.o(.text)
    DMA_StructInit                           0x080009f9   Thumb Code    26  stm32f10x_dma.o(.text)
    DMA_Cmd                                  0x08000a13   Thumb Code    24  stm32f10x_dma.o(.text)
    DMA_ITConfig                             0x08000a2b   Thumb Code    18  stm32f10x_dma.o(.text)
    DMA_SetCurrDataCounter                   0x08000a3d   Thumb Code     4  stm32f10x_dma.o(.text)
    DMA_GetCurrDataCounter                   0x08000a41   Thumb Code     8  stm32f10x_dma.o(.text)
    DMA_GetFlagStatus                        0x08000a49   Thumb Code    40  stm32f10x_dma.o(.text)
    DMA_ClearFlag                            0x08000a71   Thumb Code    22  stm32f10x_dma.o(.text)
    DMA_GetITStatus                          0x08000a87   Thumb Code    40  stm32f10x_dma.o(.text)
    DMA_ClearITPendingBit                    0x08000aaf   Thumb Code    22  stm32f10x_dma.o(.text)
    GPIO_DeInit                              0x08000acd   Thumb Code   172  stm32f10x_gpio.o(.text)
    GPIO_AFIODeInit                          0x08000b79   Thumb Code    20  stm32f10x_gpio.o(.text)
    GPIO_Init                                0x08000b8d   Thumb Code   278  stm32f10x_gpio.o(.text)
    GPIO_StructInit                          0x08000ca3   Thumb Code    16  stm32f10x_gpio.o(.text)
    GPIO_ReadInputDataBit                    0x08000cb3   Thumb Code    18  stm32f10x_gpio.o(.text)
    GPIO_ReadInputData                       0x08000cc5   Thumb Code     8  stm32f10x_gpio.o(.text)
    GPIO_ReadOutputDataBit                   0x08000ccd   Thumb Code    18  stm32f10x_gpio.o(.text)
    GPIO_ReadOutputData                      0x08000cdf   Thumb Code     8  stm32f10x_gpio.o(.text)
    GPIO_SetBits                             0x08000ce7   Thumb Code     4  stm32f10x_gpio.o(.text)
    GPIO_ResetBits                           0x08000ceb   Thumb Code     4  stm32f10x_gpio.o(.text)
    GPIO_WriteBit                            0x08000cef   Thumb Code    10  stm32f10x_gpio.o(.text)
    GPIO_Write                               0x08000cf9   Thumb Code     4  stm32f10x_gpio.o(.text)
    GPIO_PinLockConfig                       0x08000cfd   Thumb Code    18  stm32f10x_gpio.o(.text)
    GPIO_EventOutputConfig                   0x08000d0f   Thumb Code    26  stm32f10x_gpio.o(.text)
    GPIO_EventOutputCmd                      0x08000d29   Thumb Code     6  stm32f10x_gpio.o(.text)
    GPIO_PinRemapConfig                      0x08000d2f   Thumb Code   138  stm32f10x_gpio.o(.text)
    GPIO_EXTILineConfig                      0x08000db9   Thumb Code    66  stm32f10x_gpio.o(.text)
    GPIO_ETH_MediaInterfaceConfig            0x08000dfb   Thumb Code     8  stm32f10x_gpio.o(.text)
    RCC_DeInit                               0x08000e29   Thumb Code    64  stm32f10x_rcc.o(.text)
    RCC_HSEConfig                            0x08000e69   Thumb Code    70  stm32f10x_rcc.o(.text)
    RCC_GetFlagStatus                        0x08000eaf   Thumb Code    56  stm32f10x_rcc.o(.text)
    RCC_WaitForHSEStartUp                    0x08000ee7   Thumb Code    56  stm32f10x_rcc.o(.text)
    RCC_AdjustHSICalibrationValue            0x08000f1f   Thumb Code    20  stm32f10x_rcc.o(.text)
    RCC_HSICmd                               0x08000f33   Thumb Code     6  stm32f10x_rcc.o(.text)
    RCC_PLLConfig                            0x08000f39   Thumb Code    24  stm32f10x_rcc.o(.text)
    RCC_PLLCmd                               0x08000f51   Thumb Code     6  stm32f10x_rcc.o(.text)
    RCC_SYSCLKConfig                         0x08000f57   Thumb Code    18  stm32f10x_rcc.o(.text)
    RCC_GetSYSCLKSource                      0x08000f69   Thumb Code    10  stm32f10x_rcc.o(.text)
    RCC_HCLKConfig                           0x08000f73   Thumb Code    18  stm32f10x_rcc.o(.text)
    RCC_PCLK1Config                          0x08000f85   Thumb Code    18  stm32f10x_rcc.o(.text)
    RCC_PCLK2Config                          0x08000f97   Thumb Code    20  stm32f10x_rcc.o(.text)
    RCC_ITConfig                             0x08000fab   Thumb Code    26  stm32f10x_rcc.o(.text)
    RCC_USBCLKConfig                         0x08000fc5   Thumb Code     8  stm32f10x_rcc.o(.text)
    RCC_ADCCLKConfig                         0x08000fcd   Thumb Code    18  stm32f10x_rcc.o(.text)
    RCC_LSEConfig                            0x08000fdf   Thumb Code    50  stm32f10x_rcc.o(.text)
    RCC_LSICmd                               0x08001011   Thumb Code     6  stm32f10x_rcc.o(.text)
    RCC_RTCCLKConfig                         0x08001017   Thumb Code    12  stm32f10x_rcc.o(.text)
    RCC_RTCCLKCmd                            0x08001023   Thumb Code     8  stm32f10x_rcc.o(.text)
    RCC_GetClocksFreq                        0x0800102b   Thumb Code   192  stm32f10x_rcc.o(.text)
    RCC_AHBPeriphClockCmd                    0x080010eb   Thumb Code    26  stm32f10x_rcc.o(.text)
    RCC_APB2PeriphClockCmd                   0x08001105   Thumb Code    26  stm32f10x_rcc.o(.text)
    RCC_APB1PeriphClockCmd                   0x0800111f   Thumb Code    26  stm32f10x_rcc.o(.text)
    RCC_APB2PeriphResetCmd                   0x08001139   Thumb Code    26  stm32f10x_rcc.o(.text)
    RCC_APB1PeriphResetCmd                   0x08001153   Thumb Code    26  stm32f10x_rcc.o(.text)
    RCC_BackupResetCmd                       0x0800116d   Thumb Code     8  stm32f10x_rcc.o(.text)
    RCC_ClockSecuritySystemCmd               0x08001175   Thumb Code     6  stm32f10x_rcc.o(.text)
    RCC_MCOConfig                            0x0800117b   Thumb Code     6  stm32f10x_rcc.o(.text)
    RCC_ClearFlag                            0x08001181   Thumb Code    14  stm32f10x_rcc.o(.text)
    RCC_GetITStatus                          0x0800118f   Thumb Code    20  stm32f10x_rcc.o(.text)
    RCC_ClearITPendingBit                    0x080011a3   Thumb Code     6  stm32f10x_rcc.o(.text)
    TIM_DeInit                               0x080011cd   Thumb Code   424  stm32f10x_tim.o(.text)
    TIM_TimeBaseInit                         0x08001375   Thumb Code   122  stm32f10x_tim.o(.text)
    TIM_OC1Init                              0x080013ef   Thumb Code   132  stm32f10x_tim.o(.text)
    TIM_OC2Init                              0x08001473   Thumb Code   154  stm32f10x_tim.o(.text)
    TIM_OC3Init                              0x0800150d   Thumb Code   150  stm32f10x_tim.o(.text)
    TIM_OC4Init                              0x080015a3   Thumb Code   182  stm32f10x_tim.o(.text)
    TIM_SetIC4Prescaler                      0x08001659   Thumb Code    26  stm32f10x_tim.o(.text)
    TIM_SetIC3Prescaler                      0x080016f5   Thumb Code    18  stm32f10x_tim.o(.text)
    TIM_SetIC2Prescaler                      0x08001781   Thumb Code    26  stm32f10x_tim.o(.text)
    TIM_SetIC1Prescaler                      0x0800181d   Thumb Code    18  stm32f10x_tim.o(.text)
    TIM_ICInit                               0x0800189b   Thumb Code   150  stm32f10x_tim.o(.text)
    TIM_PWMIConfig                           0x08001931   Thumb Code   124  stm32f10x_tim.o(.text)
    TIM_BDTRConfig                           0x080019ad   Thumb Code    32  stm32f10x_tim.o(.text)
    TIM_TimeBaseStructInit                   0x080019cd   Thumb Code    18  stm32f10x_tim.o(.text)
    TIM_OCStructInit                         0x080019df   Thumb Code    20  stm32f10x_tim.o(.text)
    TIM_ICStructInit                         0x080019f3   Thumb Code    18  stm32f10x_tim.o(.text)
    TIM_BDTRStructInit                       0x08001a05   Thumb Code    40  stm32f10x_tim.o(.text)
    TIM_Cmd                                  0x08001a2d   Thumb Code    24  stm32f10x_tim.o(.text)
    TIM_CtrlPWMOutputs                       0x08001a45   Thumb Code    30  stm32f10x_tim.o(.text)
    TIM_ITConfig                             0x08001a63   Thumb Code    18  stm32f10x_tim.o(.text)
    TIM_GenerateEvent                        0x08001a75   Thumb Code     4  stm32f10x_tim.o(.text)
    TIM_DMAConfig                            0x08001a79   Thumb Code    10  stm32f10x_tim.o(.text)
    TIM_DMACmd                               0x08001a83   Thumb Code    18  stm32f10x_tim.o(.text)
    TIM_InternalClockConfig                  0x08001a95   Thumb Code    12  stm32f10x_tim.o(.text)
    TIM_SelectInputTrigger                   0x08001aa1   Thumb Code    18  stm32f10x_tim.o(.text)
    TIM_ITRxExternalClockConfig              0x08001ab3   Thumb Code    24  stm32f10x_tim.o(.text)
    TIM_TIxExternalClockConfig               0x08001acb   Thumb Code    62  stm32f10x_tim.o(.text)
    TIM_ETRConfig                            0x08001b09   Thumb Code    28  stm32f10x_tim.o(.text)
    TIM_ETRClockMode1Config                  0x08001b25   Thumb Code    54  stm32f10x_tim.o(.text)
    TIM_ETRClockMode2Config                  0x08001b5b   Thumb Code    32  stm32f10x_tim.o(.text)
    TIM_PrescalerConfig                      0x08001b7b   Thumb Code     6  stm32f10x_tim.o(.text)
    TIM_CounterModeConfig                    0x08001b81   Thumb Code    18  stm32f10x_tim.o(.text)
    TIM_EncoderInterfaceConfig               0x08001b93   Thumb Code    66  stm32f10x_tim.o(.text)
    TIM_ForcedOC1Config                      0x08001bd5   Thumb Code    18  stm32f10x_tim.o(.text)
    TIM_ForcedOC2Config                      0x08001be7   Thumb Code    26  stm32f10x_tim.o(.text)
    TIM_ForcedOC3Config                      0x08001c01   Thumb Code    18  stm32f10x_tim.o(.text)
    TIM_ForcedOC4Config                      0x08001c13   Thumb Code    26  stm32f10x_tim.o(.text)
    TIM_ARRPreloadConfig                     0x08001c2d   Thumb Code    24  stm32f10x_tim.o(.text)
    TIM_SelectCOM                            0x08001c45   Thumb Code    24  stm32f10x_tim.o(.text)
    TIM_SelectCCDMA                          0x08001c5d   Thumb Code    24  stm32f10x_tim.o(.text)
    TIM_CCPreloadControl                     0x08001c75   Thumb Code    24  stm32f10x_tim.o(.text)
    TIM_OC1PreloadConfig                     0x08001c8d   Thumb Code    18  stm32f10x_tim.o(.text)
    TIM_OC2PreloadConfig                     0x08001c9f   Thumb Code    26  stm32f10x_tim.o(.text)
    TIM_OC3PreloadConfig                     0x08001cb9   Thumb Code    18  stm32f10x_tim.o(.text)
    TIM_OC4PreloadConfig                     0x08001ccb   Thumb Code    26  stm32f10x_tim.o(.text)
    TIM_OC1FastConfig                        0x08001ce5   Thumb Code    18  stm32f10x_tim.o(.text)
    TIM_OC2FastConfig                        0x08001cf7   Thumb Code    26  stm32f10x_tim.o(.text)
    TIM_OC3FastConfig                        0x08001d11   Thumb Code    18  stm32f10x_tim.o(.text)
    TIM_OC4FastConfig                        0x08001d23   Thumb Code    26  stm32f10x_tim.o(.text)
    TIM_ClearOC1Ref                          0x08001d3d   Thumb Code    18  stm32f10x_tim.o(.text)
    TIM_ClearOC2Ref                          0x08001d4f   Thumb Code    24  stm32f10x_tim.o(.text)
    TIM_ClearOC3Ref                          0x08001d67   Thumb Code    18  stm32f10x_tim.o(.text)
    TIM_ClearOC4Ref                          0x08001d79   Thumb Code    24  stm32f10x_tim.o(.text)
    TIM_OC1PolarityConfig                    0x08001d91   Thumb Code    18  stm32f10x_tim.o(.text)
    TIM_OC1NPolarityConfig                   0x08001da3   Thumb Code    18  stm32f10x_tim.o(.text)
    TIM_OC2PolarityConfig                    0x08001db5   Thumb Code    26  stm32f10x_tim.o(.text)
    TIM_OC2NPolarityConfig                   0x08001dcf   Thumb Code    26  stm32f10x_tim.o(.text)
    TIM_OC3PolarityConfig                    0x08001de9   Thumb Code    26  stm32f10x_tim.o(.text)
    TIM_OC3NPolarityConfig                   0x08001e03   Thumb Code    26  stm32f10x_tim.o(.text)
    TIM_OC4PolarityConfig                    0x08001e1d   Thumb Code    26  stm32f10x_tim.o(.text)
    TIM_CCxCmd                               0x08001e37   Thumb Code    30  stm32f10x_tim.o(.text)
    TIM_CCxNCmd                              0x08001e55   Thumb Code    30  stm32f10x_tim.o(.text)
    TIM_SelectOCxM                           0x08001e73   Thumb Code    82  stm32f10x_tim.o(.text)
    TIM_UpdateDisableConfig                  0x08001ec5   Thumb Code    24  stm32f10x_tim.o(.text)
    TIM_UpdateRequestConfig                  0x08001edd   Thumb Code    24  stm32f10x_tim.o(.text)
    TIM_SelectHallSensor                     0x08001ef5   Thumb Code    24  stm32f10x_tim.o(.text)
    TIM_SelectOnePulseMode                   0x08001f0d   Thumb Code    18  stm32f10x_tim.o(.text)
    TIM_SelectOutputTrigger                  0x08001f1f   Thumb Code    18  stm32f10x_tim.o(.text)
    TIM_SelectSlaveMode                      0x08001f31   Thumb Code    18  stm32f10x_tim.o(.text)
    TIM_SelectMasterSlaveMode                0x08001f43   Thumb Code    18  stm32f10x_tim.o(.text)
    TIM_SetCounter                           0x08001f55   Thumb Code     4  stm32f10x_tim.o(.text)
    TIM_SetAutoreload                        0x08001f59   Thumb Code     4  stm32f10x_tim.o(.text)
    TIM_SetCompare1                          0x08001f5d   Thumb Code     4  stm32f10x_tim.o(.text)
    TIM_SetCompare2                          0x08001f61   Thumb Code     4  stm32f10x_tim.o(.text)
    TIM_SetCompare3                          0x08001f65   Thumb Code     4  stm32f10x_tim.o(.text)
    TIM_SetCompare4                          0x08001f69   Thumb Code     6  stm32f10x_tim.o(.text)
    TIM_SetClockDivision                     0x08001f6f   Thumb Code    18  stm32f10x_tim.o(.text)
    TIM_GetCapture1                          0x08001f81   Thumb Code     6  stm32f10x_tim.o(.text)
    TIM_GetCapture2                          0x08001f87   Thumb Code     6  stm32f10x_tim.o(.text)
    TIM_GetCapture3                          0x08001f8d   Thumb Code     6  stm32f10x_tim.o(.text)
    TIM_GetCapture4                          0x08001f93   Thumb Code     8  stm32f10x_tim.o(.text)
    TIM_GetCounter                           0x08001f9b   Thumb Code     6  stm32f10x_tim.o(.text)
    TIM_GetPrescaler                         0x08001fa1   Thumb Code     6  stm32f10x_tim.o(.text)
    TIM_GetFlagStatus                        0x08001fa7   Thumb Code    18  stm32f10x_tim.o(.text)
    TIM_ClearFlag                            0x08001fb9   Thumb Code     6  stm32f10x_tim.o(.text)
    TIM_GetITStatus                          0x08001fbf   Thumb Code    34  stm32f10x_tim.o(.text)
    TIM_ClearITPendingBit                    0x08001fe1   Thumb Code     6  stm32f10x_tim.o(.text)
    USART_DeInit                             0x08001fe9   Thumb Code   134  stm32f10x_usart.o(.text)
    USART_Init                               0x0800206f   Thumb Code   210  stm32f10x_usart.o(.text)
    USART_StructInit                         0x08002141   Thumb Code    24  stm32f10x_usart.o(.text)
    USART_ClockInit                          0x08002159   Thumb Code    34  stm32f10x_usart.o(.text)
    USART_ClockStructInit                    0x0800217b   Thumb Code    12  stm32f10x_usart.o(.text)
    USART_Cmd                                0x08002187   Thumb Code    24  stm32f10x_usart.o(.text)
    USART_ITConfig                           0x0800219f   Thumb Code    74  stm32f10x_usart.o(.text)
    USART_DMACmd                             0x080021e9   Thumb Code    18  stm32f10x_usart.o(.text)
    USART_SetAddress                         0x080021fb   Thumb Code    18  stm32f10x_usart.o(.text)
    USART_WakeUpConfig                       0x0800220d   Thumb Code    18  stm32f10x_usart.o(.text)
    USART_ReceiverWakeUpCmd                  0x0800221f   Thumb Code    24  stm32f10x_usart.o(.text)
    USART_LINBreakDetectLengthConfig         0x08002237   Thumb Code    18  stm32f10x_usart.o(.text)
    USART_LINCmd                             0x08002249   Thumb Code    24  stm32f10x_usart.o(.text)
    USART_SendData                           0x08002261   Thumb Code     8  stm32f10x_usart.o(.text)
    USART_ReceiveData                        0x08002269   Thumb Code    10  stm32f10x_usart.o(.text)
    USART_SendBreak                          0x08002273   Thumb Code    10  stm32f10x_usart.o(.text)
    USART_SetGuardTime                       0x0800227d   Thumb Code    16  stm32f10x_usart.o(.text)
    USART_SetPrescaler                       0x0800228d   Thumb Code    16  stm32f10x_usart.o(.text)
    USART_SmartCardCmd                       0x0800229d   Thumb Code    24  stm32f10x_usart.o(.text)
    USART_SmartCardNACKCmd                   0x080022b5   Thumb Code    24  stm32f10x_usart.o(.text)
    USART_HalfDuplexCmd                      0x080022cd   Thumb Code    24  stm32f10x_usart.o(.text)
    USART_OverSampling8Cmd                   0x080022e5   Thumb Code    22  stm32f10x_usart.o(.text)
    USART_OneBitMethodCmd                    0x080022fb   Thumb Code    24  stm32f10x_usart.o(.text)
    USART_IrDAConfig                         0x08002313   Thumb Code    18  stm32f10x_usart.o(.text)
    USART_IrDACmd                            0x08002325   Thumb Code    24  stm32f10x_usart.o(.text)
    USART_GetFlagStatus                      0x0800233d   Thumb Code    26  stm32f10x_usart.o(.text)
    USART_ClearFlag                          0x08002357   Thumb Code    18  stm32f10x_usart.o(.text)
    USART_GetITStatus                        0x08002369   Thumb Code    84  stm32f10x_usart.o(.text)
    USART_ClearITPendingBit                  0x080023bd   Thumb Code    52  stm32f10x_usart.o(.text)
    TIM3_PWM_Init                            0x080023f1   Thumb Code   130  main.o(.text)
    delay_ms                                 0x08002473   Thumb Code    76  main.o(.text)
    main                                     0x080024bf   Thumb Code   170  main.o(.text)
    NMI_Handler                              0x08002591   Thumb Code     2  stm32f10x_it.o(.text)
    HardFault_Handler                        0x08002593   Thumb Code     4  stm32f10x_it.o(.text)
    MemManage_Handler                        0x08002597   Thumb Code     4  stm32f10x_it.o(.text)
    BusFault_Handler                         0x0800259b   Thumb Code     4  stm32f10x_it.o(.text)
    UsageFault_Handler                       0x0800259f   Thumb Code     4  stm32f10x_it.o(.text)
    SVC_Handler                              0x080025a3   Thumb Code     2  stm32f10x_it.o(.text)
    DebugMon_Handler                         0x080025a5   Thumb Code     2  stm32f10x_it.o(.text)
    PendSV_Handler                           0x080025a7   Thumb Code     2  stm32f10x_it.o(.text)
    SysTick_Handler                          0x080025a9   Thumb Code     2  stm32f10x_it.o(.text)
    ADCx_Init                                0x080026af   Thumb Code    12  bsp_adc.o(.text)
    USART_Config                             0x080026f3   Thumb Code   136  bsp_usart.o(.text)
    Usart_SendByte                           0x0800277b   Thumb Code    30  bsp_usart.o(.text)
    Usart_SendArray                          0x08002799   Thumb Code    48  bsp_usart.o(.text)
    Usart_SendString                         0x080027c9   Thumb Code    42  bsp_usart.o(.text)
    Usart_SendHalfWord                       0x080027f3   Thumb Code    60  bsp_usart.o(.text)
    fputc                                    0x0800282f   Thumb Code    32  bsp_usart.o(.text)
    fgetc                                    0x0800284f   Thumb Code    26  bsp_usart.o(.text)
    __aeabi_fdiv                             0x08002871   Thumb Code   124  fdiv.o(.text)
    __aeabi_dmul                             0x080028ed   Thumb Code   228  dmul.o(.text)
    __aeabi_ui2f                             0x080029d1   Thumb Code    10  ffltui.o(.text)
    __aeabi_d2uiz                            0x080029db   Thumb Code    50  dfixui.o(.text)
    __aeabi_f2d                              0x08002a0d   Thumb Code    38  f2d.o(.text)
    __aeabi_cdrcmple                         0x08002a35   Thumb Code    48  cdrcmple.o(.text)
    __aeabi_d2f                              0x08002a65   Thumb Code    56  d2f.o(.text)
    __aeabi_llsr                             0x08002a9d   Thumb Code    32  llushr.o(.text)
    _ll_ushift_r                             0x08002a9d   Thumb Code     0  llushr.o(.text)
    __I$use$fp                               0x08002abd   Thumb Code     0  iusefp.o(.text)
    _float_round                             0x08002abd   Thumb Code    18  fepilogue.o(.text)
    _float_epilogue                          0x08002acf   Thumb Code    92  fepilogue.o(.text)
    _double_round                            0x08002b2b   Thumb Code    30  depilogue.o(.text)
    _double_epilogue                         0x08002b49   Thumb Code   156  depilogue.o(.text)
    __scatterload                            0x08002be5   Thumb Code    28  init.o(.text)
    __scatterload_rt2                        0x08002be5   Thumb Code     0  init.o(.text)
    __aeabi_llsl                             0x08002c09   Thumb Code    30  llshl.o(.text)
    _ll_shift_l                              0x08002c09   Thumb Code     0  llshl.o(.text)
    __scatterload_copy                       0x08002c27   Thumb Code    14  handlers.o(i.__scatterload_copy)
    __scatterload_null                       0x08002c35   Thumb Code     2  handlers.o(i.__scatterload_null)
    __scatterload_zeroinit                   0x08002c37   Thumb Code    14  handlers.o(i.__scatterload_zeroinit)
    Region$$Table$$Base                      0x08002c44   Number         0  anon$$obj.o(Region$$Table)
    Region$$Table$$Limit                     0x08002c64   Number         0  anon$$obj.o(Region$$Table)
    SystemCoreClock                          0x20000000   Data           4  system_stm32f10x.o(.data)
    AHBPrescTable                            0x20000004   Data          16  system_stm32f10x.o(.data)
    ADC_ConvertedValueLocal                  0x20000028   Data           4  main.o(.data)
    ADC_ConvertedValue                       0x2000002c   Data           2  bsp_adc.o(.data)
    __initial_sp                             0x20000430   Data           0  startup_stm32f10x_hd.o(STACK)



==============================================================================

Memory Map of the image

  Image Entry point : 0x08000131

  Load Region LR_IROM1 (Base: 0x08000000, Size: 0x00002c94, Max: 0x00080000, ABSOLUTE)

    Execution Region ER_IROM1 (Exec base: 0x08000000, Load base: 0x08000000, Size: 0x00002c64, Max: 0x00080000, ABSOLUTE)

    Exec Addr    Load Addr    Size         Type   Attr      Idx    E Section Name        Object

    0x08000000   0x08000000   0x00000130   Data   RO            3    RESET               startup_stm32f10x_hd.o
    0x08000130   0x08000130   0x00000000   Code   RO          471  * .ARM.Collect$$$$00000000  mc_w.l(entry.o)
    0x08000130   0x08000130   0x00000004   Code   RO          488    .ARM.Collect$$$$00000001  mc_w.l(entry2.o)
    0x08000134   0x08000134   0x00000004   Code   RO          491    .ARM.Collect$$$$00000004  mc_w.l(entry5.o)
    0x08000138   0x08000138   0x00000000   Code   RO          493    .ARM.Collect$$$$00000008  mc_w.l(entry7b.o)
    0x08000138   0x08000138   0x00000000   Code   RO          495    .ARM.Collect$$$$0000000A  mc_w.l(entry8b.o)
    0x08000138   0x08000138   0x00000008   Code   RO          496    .ARM.Collect$$$$0000000B  mc_w.l(entry9a.o)
    0x08000140   0x08000140   0x00000004   Code   RO          503    .ARM.Collect$$$$0000000E  mc_w.l(entry12b.o)
    0x08000144   0x08000144   0x00000000   Code   RO          498    .ARM.Collect$$$$0000000F  mc_w.l(entry10a.o)
    0x08000144   0x08000144   0x00000000   Code   RO          500    .ARM.Collect$$$$00000011  mc_w.l(entry11a.o)
    0x08000144   0x08000144   0x00000004   Code   RO          489    .ARM.Collect$$$$00002712  mc_w.l(entry2.o)
    0x08000148   0x08000148   0x00000024   Code   RO            4    .text               startup_stm32f10x_hd.o
    0x0800016c   0x0800016c   0x000001e0   Code   RO           24    .text               system_stm32f10x.o
    0x0800034c   0x0800034c   0x000000dc   Code   RO          121    .text               misc.o
    0x08000428   0x08000428   0x0000044e   Code   RO          137    .text               stm32f10x_adc.o
    0x08000876   0x08000876   0x00000002   PAD
    0x08000878   0x08000878   0x00000254   Code   RO          221    .text               stm32f10x_dma.o
    0x08000acc   0x08000acc   0x0000035c   Code   RO          269    .text               stm32f10x_gpio.o
    0x08000e28   0x08000e28   0x000003a4   Code   RO          317    .text               stm32f10x_rcc.o
    0x080011cc   0x080011cc   0x00000e1a   Code   RO          367    .text               stm32f10x_tim.o
    0x08001fe6   0x08001fe6   0x00000002   PAD
    0x08001fe8   0x08001fe8   0x00000408   Code   RO          379    .text               stm32f10x_usart.o
    0x080023f0   0x080023f0   0x000001a0   Code   RO          403    .text               main.o
    0x08002590   0x08002590   0x0000001a   Code   RO          429    .text               stm32f10x_it.o
    0x080025aa   0x080025aa   0x00000002   PAD
    0x080025ac   0x080025ac   0x00000120   Code   RO          444    .text               bsp_adc.o
    0x080026cc   0x080026cc   0x000001a4   Code   RO          459    .text               bsp_usart.o
    0x08002870   0x08002870   0x0000007c   Code   RO          474    .text               mf_w.l(fdiv.o)
    0x080028ec   0x080028ec   0x000000e4   Code   RO          476    .text               mf_w.l(dmul.o)
    0x080029d0   0x080029d0   0x0000000a   Code   RO          478    .text               mf_w.l(ffltui.o)
    0x080029da   0x080029da   0x00000032   Code   RO          480    .text               mf_w.l(dfixui.o)
    0x08002a0c   0x08002a0c   0x00000026   Code   RO          482    .text               mf_w.l(f2d.o)
    0x08002a32   0x08002a32   0x00000002   PAD
    0x08002a34   0x08002a34   0x00000030   Code   RO          484    .text               mf_w.l(cdrcmple.o)
    0x08002a64   0x08002a64   0x00000038   Code   RO          486    .text               mf_w.l(d2f.o)
    0x08002a9c   0x08002a9c   0x00000020   Code   RO          504    .text               mc_w.l(llushr.o)
    0x08002abc   0x08002abc   0x00000000   Code   RO          506    .text               mc_w.l(iusefp.o)
    0x08002abc   0x08002abc   0x0000006e   Code   RO          507    .text               mf_w.l(fepilogue.o)
    0x08002b2a   0x08002b2a   0x000000ba   Code   RO          509    .text               mf_w.l(depilogue.o)
    0x08002be4   0x08002be4   0x00000024   Code   RO          511    .text               mc_w.l(init.o)
    0x08002c08   0x08002c08   0x0000001e   Code   RO          513    .text               mc_w.l(llshl.o)
    0x08002c26   0x08002c26   0x0000000e   Code   RO          517    i.__scatterload_copy  mc_w.l(handlers.o)
    0x08002c34   0x08002c34   0x00000002   Code   RO          518    i.__scatterload_null  mc_w.l(handlers.o)
    0x08002c36   0x08002c36   0x0000000e   Code   RO          519    i.__scatterload_zeroinit  mc_w.l(handlers.o)
    0x08002c44   0x08002c44   0x00000020   Data   RO          515    Region$$Table       anon$$obj.o


    Execution Region RW_IRAM1 (Exec base: 0x20000000, Load base: 0x08002c64, Size: 0x00000430, Max: 0x00010000, ABSOLUTE)

    Exec Addr    Load Addr    Size         Type   Attr      Idx    E Section Name        Object

    0x20000000   0x08002c64   0x00000014   Data   RW           25    .data               system_stm32f10x.o
    0x20000014   0x08002c78   0x00000014   Data   RW          318    .data               stm32f10x_rcc.o
    0x20000028   0x08002c8c   0x00000004   Data   RW          404    .data               main.o
    0x2000002c   0x08002c90   0x00000002   Data   RW          445    .data               bsp_adc.o
    0x2000002e   0x08002c92   0x00000002   PAD
    0x20000030        -       0x00000400   Zero   RW            1    STACK               startup_stm32f10x_hd.o


==============================================================================

Image component sizes


      Code (inc. data)   RO Data    RW Data    ZI Data      Debug   Object Name

       288         18          0          2          0       1541   bsp_adc.o
       420          8          0          0          0       2682   bsp_usart.o
         0          0          0          0          0       4508   core_cm3.o
       416         40          0          4          0       2740   main.o
       220         22          0          0          0       1873   misc.o
        36          8        304          0       1024        880   startup_stm32f10x_hd.o
      1102         26          0          0          0      11113   stm32f10x_adc.o
       596          8          0          0          0       4438   stm32f10x_dma.o
       860         38          0          0          0       5801   stm32f10x_gpio.o
        26          0          0          0          0       1242   stm32f10x_it.o
       932         36          0         20          0       9012   stm32f10x_rcc.o
      3610         88          0          0          0      22916   stm32f10x_tim.o
      1032         22          0          0          0       8532   stm32f10x_usart.o
       480         38          0         20          0     269499   system_stm32f10x.o

    ----------------------------------------------------------------------
     10024        352        336         48       1024     346777   Object Totals
         0          0         32          0          0          0   (incl. Generated)
         6          0          0          2          0          0   (incl. Padding)

    ----------------------------------------------------------------------

      Code (inc. data)   RO Data    RW Data    ZI Data      Debug   Library Member Name

         0          0          0          0          0          0   entry.o
         0          0          0          0          0          0   entry10a.o
         0          0          0          0          0          0   entry11a.o
         4          0          0          0          0          0   entry12b.o
         8          4          0          0          0          0   entry2.o
         4          0          0          0          0          0   entry5.o
         0          0          0          0          0          0   entry7b.o
         0          0          0          0          0          0   entry8b.o
         8          4          0          0          0          0   entry9a.o
        30          0          0          0          0          0   handlers.o
        36          8          0          0          0         68   init.o
         0          0          0          0          0          0   iusefp.o
        30          0          0          0          0         68   llshl.o
        32          0          0          0          0         68   llushr.o
        48          0          0          0          0         68   cdrcmple.o
        56          0          0          0          0         88   d2f.o
       186          0          0          0          0        176   depilogue.o
        50          0          0          0          0         76   dfixui.o
       228          0          0          0          0         96   dmul.o
        38          0          0          0          0         68   f2d.o
       124          0          0          0          0         88   fdiv.o
       110          0          0          0          0        168   fepilogue.o
        10          0          0          0          0         68   ffltui.o

    ----------------------------------------------------------------------
      1004         16          0          0          0       1100   Library Totals
         2          0          0          0          0          0   (incl. Padding)

    ----------------------------------------------------------------------

      Code (inc. data)   RO Data    RW Data    ZI Data      Debug   Library Name

       152         16          0          0          0        204   mc_w.l
       850          0          0          0          0        896   mf_w.l

    ----------------------------------------------------------------------
      1004         16          0          0          0       1100   Library Totals

    ----------------------------------------------------------------------

==============================================================================


      Code (inc. data)   RO Data    RW Data    ZI Data      Debug   

     11028        368        336         48       1024     346365   Grand Totals
     11028        368        336         48       1024     346365   ELF Image Totals
     11028        368        336         48          0          0   ROM Totals

==============================================================================

    Total RO  Size (Code + RO Data)                11364 (  11.10kB)
    Total RW  Size (RW Data + ZI Data)              1072 (   1.05kB)
    Total ROM Size (Code + RO Data + RW Data)      11412 (  11.14kB)

==============================================================================

